app/course/[id]/page.tsx(27,5): error TS2717: Subsequent property declarations must have the same type.  Property 'params' must be of type '{ id: string; }', but here has type 'Promise<{ id: string; }>'.
app/course/[id]/page.tsx(80,9): error TS7034: Variable 'sections' implicitly has type 'any[]' in some locations where its type cannot be determined.
app/course/[id]/page.tsx(114,23): error TS7005: Variable 'sections' implicitly has an 'any[]' type.
